// Jest Snapshot v1, https://goo.gl/fbAQLP

exports[`<AgeGroup  /> should match snapshot 1`] = `
<div
  class="MuiGrid-root MuiGrid-item MuiGrid-grid-xs-4 css-1ky0k5h-MuiGrid-root"
>
  <div
    class="MuiBox-root css-0"
  >
    <div
      class="MuiChip-root MuiChip-filled MuiChip-sizeSmall MuiChip-colorDefault MuiChip-filledDefault css-1fj5pxn-MuiChip-root"
    >
      <span
        class="MuiChip-label MuiChip-labelSmall css-wjsjww-MuiChip-label"
      >
        Age Group: 
      </span>
    </div>
  </div>
</div>
`;
