// Jest Snapshot v1, https://goo.gl/fbAQLP

exports[`<Gender  /> should match snapshot 1`] = `
<div
  class="MuiGrid-root MuiGrid-item MuiGrid-grid-xs-4 css-19sxs0w-MuiGrid-root"
>
  <div
    aria-label="Gender"
    class="MuiToggleButtonGroup-root css-1gjgmky-MuiToggleButtonGroup-root"
    role="group"
  >
    <button
      aria-pressed="true"
      class="MuiButtonBase-root MuiToggleButton-root Mui-selected MuiToggleButton-sizeSmall MuiToggleButton-primary MuiToggleButtonGroup-grouped MuiToggleButtonGroup-groupedHorizontal css-1dlyelz-MuiButtonBase-root-MuiToggleButton-root"
      tabindex="0"
      type="button"
      value="M"
    >
      Male
      <span
        class="MuiTouchRipple-root css-8je8zh-MuiTouchRipple-root"
      />
    </button>
    <button
      aria-pressed="false"
      class="MuiButtonBase-root MuiToggleButton-root MuiToggleButton-sizeSmall MuiToggleButton-primary MuiToggleButtonGroup-grouped MuiToggleButtonGroup-groupedHorizontal css-1dlyelz-MuiButtonBase-root-MuiToggleButton-root"
      tabindex="0"
      type="button"
      value="F"
    >
      Female
      <span
        class="MuiTouchRipple-root css-8je8zh-MuiTouchRipple-root"
      />
    </button>
  </div>
</div>
`;
